Archive member included to satisfy reference by file (symbol)

.\CortexM3\ARM_GCC_541\Debug\can_master.a(CyLib.o)
                              .\CortexM3\ARM_GCC_541\Debug\Cm3Start.o (CyHalt)
.\CortexM3\ARM_GCC_541\Debug\can_master.a(cyPm.o)
                              .\CortexM3\ARM_GCC_541\Debug\can_master.a(CyLib.o) (CyPmReadStatus)
.\CortexM3\ARM_GCC_541\Debug\can_master.a(LED.o)
                              .\CortexM3\ARM_GCC_541\Debug\main.o (LED_Write)
.\CortexM3\ARM_GCC_541\Debug\can_master.a(CAN_1.o)
                              .\CortexM3\ARM_GCC_541\Debug\main.o (CAN_1_Start)
.\CortexM3\ARM_GCC_541\Debug\can_master.a(CAN_1_INT.o)
                              .\CortexM3\ARM_GCC_541\Debug\can_master.a(CAN_1.o) (CAN_1_ISR)
.\CortexM3\ARM_GCC_541\Debug\can_master.a(CAN_1_TX_RX_func.o)
                              .\CortexM3\ARM_GCC_541\Debug\main.o (CAN_1_SendMsg)
.\CortexM3\ARM_GCC_541\Debug\can_master.a(UART_1.o)
                              .\CortexM3\ARM_GCC_541\Debug\main.o (UART_1_Start)
.\CortexM3\ARM_GCC_541\Debug\can_master.a(UART_1_IntClock.o)
                              .\CortexM3\ARM_GCC_541\Debug\can_master.a(UART_1.o) (UART_1_IntClock_Start)
.\CortexM3\ARM_GCC_541\Debug\can_master.a(CyBootAsmGnu.o)
                              .\CortexM3\ARM_GCC_541\Debug\cyfitter_cfg.o (CyDelayCycles)
.\CortexM3\ARM_GCC_541\Debug\can_master.a(CyFlash.o)
                              .\CortexM3\ARM_GCC_541\Debug\can_master.a(cyPm.o) (CyFlash_SetWaitCycles)
.\CortexM3\ARM_GCC_541\Debug\can_master.a(CySpc.o)
                              .\CortexM3\ARM_GCC_541\Debug\can_master.a(CyFlash.o) (CySpcStart)
c:/program files (x86)/cypress/psoc creator/4.2/psoc creator/import/gnu/arm/5.4.1/bin/../lib/gcc/arm-none-eabi/5.4.1/../../../../arm-none-eabi/lib/armv7-m\libg_nano.a(lib_a-errno.o)
                              .\CortexM3\ARM_GCC_541\Debug\Cm3Start.o (__errno)
c:/program files (x86)/cypress/psoc creator/4.2/psoc creator/import/gnu/arm/5.4.1/bin/../lib/gcc/arm-none-eabi/5.4.1/../../../../arm-none-eabi/lib/armv7-m\libg_nano.a(lib_a-exit.o)
                              c:/program files (x86)/cypress/psoc creator/4.2/psoc creator/import/gnu/arm/5.4.1/bin/../lib/gcc/arm-none-eabi/5.4.1/../../../../arm-none-eabi/lib/armv7-m/crt0.o (exit)
c:/program files (x86)/cypress/psoc creator/4.2/psoc creator/import/gnu/arm/5.4.1/bin/../lib/gcc/arm-none-eabi/5.4.1/../../../../arm-none-eabi/lib/armv7-m\libg_nano.a(lib_a-impure.o)
                              c:/program files (x86)/cypress/psoc creator/4.2/psoc creator/import/gnu/arm/5.4.1/bin/../lib/gcc/arm-none-eabi/5.4.1/../../../../arm-none-eabi/lib/armv7-m\libg_nano.a(lib_a-exit.o) (_global_impure_ptr)
c:/program files (x86)/cypress/psoc creator/4.2/psoc creator/import/gnu/arm/5.4.1/bin/../lib/gcc/arm-none-eabi/5.4.1/../../../../arm-none-eabi/lib/armv7-m\libg_nano.a(lib_a-init.o)
                              c:/program files (x86)/cypress/psoc creator/4.2/psoc creator/import/gnu/arm/5.4.1/bin/../lib/gcc/arm-none-eabi/5.4.1/../../../../arm-none-eabi/lib/armv7-m/crt0.o (__libc_init_array)
c:/program files (x86)/cypress/psoc creator/4.2/psoc creator/import/gnu/arm/5.4.1/bin/../lib/gcc/arm-none-eabi/5.4.1/../../../../arm-none-eabi/lib/armv7-m\libg_nano.a(lib_a-memcpy-stub.o)
                              .\CortexM3\ARM_GCC_541\Debug\cyfitter_cfg.o (memcpy)
c:/program files (x86)/cypress/psoc creator/4.2/psoc creator/import/gnu/arm/5.4.1/bin/../lib/gcc/arm-none-eabi/5.4.1/../../../../arm-none-eabi/lib/armv7-m\libg_nano.a(lib_a-memset.o)
                              c:/program files (x86)/cypress/psoc creator/4.2/psoc creator/import/gnu/arm/5.4.1/bin/../lib/gcc/arm-none-eabi/5.4.1/../../../../arm-none-eabi/lib/armv7-m/crt0.o (memset)
c:/program files (x86)/cypress/psoc creator/4.2/psoc creator/import/gnu/arm/5.4.1/bin/../lib/gcc/arm-none-eabi/5.4.1/../../../../arm-none-eabi/lib/armv7-m\libg_nano.a(lib_a-sprintf.o)
                              .\CortexM3\ARM_GCC_541\Debug\main.o (sprintf)
c:/program files (x86)/cypress/psoc creator/4.2/psoc creator/import/gnu/arm/5.4.1/bin/../lib/gcc/arm-none-eabi/5.4.1/../../../../arm-none-eabi/lib/armv7-m\libg_nano.a(lib_a-nano-svfprintf.o)
                              c:/program files (x86)/cypress/psoc creator/4.2/psoc creator/import/gnu/arm/5.4.1/bin/../lib/gcc/arm-none-eabi/5.4.1/../../../../arm-none-eabi/lib/armv7-m\libg_nano.a(lib_a-sprintf.o) (_svfprintf_r)
c:/program files (x86)/cypress/psoc creator/4.2/psoc creator/import/gnu/arm/5.4.1/bin/../lib/gcc/arm-none-eabi/5.4.1/../../../../arm-none-eabi/lib/armv7-m\libg_nano.a(lib_a-nano-vfprintf_i.o)
                              c:/program files (x86)/cypress/psoc creator/4.2/psoc creator/import/gnu/arm/5.4.1/bin/../lib/gcc/arm-none-eabi/5.4.1/../../../../arm-none-eabi/lib/armv7-m\libg_nano.a(lib_a-nano-svfprintf.o) (_printf_i)
[...]
Memory Configuration

Name             Origin             Length             Attributes
rom              0x00000000         0x00040000         xr
ram              0x1fff8000         0x00010000         xrw
*default*        0x00000000         0xffffffff

Linker script and memory map

LOAD c:/program files (x86)/cypress/psoc creator/4.2/psoc creator/import/gnu/arm/5.4.1/bin/../lib/gcc/arm-none-eabi/5.4.1/armv7-m/crti.o
LOAD c:/program files (x86)/cypress/psoc creator/4.2/psoc creator/import/gnu/arm/5.4.1/bin/../lib/gcc/arm-none-eabi/5.4.1/armv7-m/crtbegin.o
LOAD c:/program files (x86)/cypress/psoc creator/4.2/psoc creator/import/gnu/arm/5.4.1/bin/../lib/gcc/arm-none-eabi/5.4.1/../../../../arm-none-eabi/lib/armv7-m/crt0.o
START GROUP
LOAD .\CortexM3\ARM_GCC_541\Debug\main.o
LOAD .\CortexM3\ARM_GCC_541\Debug\cyfitter_cfg.o
LOAD .\CortexM3\ARM_GCC_541\Debug\cymetadata.o
LOAD .\CortexM3\ARM_GCC_541\Debug\Cm3Start.o
LOAD .\CortexM3\ARM_GCC_541\Debug\can_master.a
LOAD C:\Program Files (x86)\Cypress\PSoC Creator\4.2\PSoC Creator\psoc\content\cycomponentlibrary\CyComponentLibrary.cylib\CortexM3\ARM_GCC_541\Debug\CyComponentLibrary.a
END GROUP
START GROUP
LOAD c:/program files (x86)/cypress/psoc creator/4.2/psoc creator/import/gnu/arm/5.4.1/bin/../lib/gcc/arm-none-eabi/5.4.1/armv7-m\libgcc.a
LOAD c:/program files (x86)/cypress/psoc creator/4.2/psoc creator/import/gnu/arm/5.4.1/bin/../lib/gcc/arm-none-eabi/5.4.1/../../../../arm-none-eabi/lib/armv7-m\libg_nano.a
LOAD c:/program files (x86)/cypress/psoc creator/4.2/psoc creator/import/gnu/arm/5.4.1/bin/../lib/gcc/arm-none-eabi/5.4.1/../../../../arm-none-eabi/lib/armv7-m\libc_nano.a
END GROUP
START GROUP
LOAD c:/program files (x86)/cypress/psoc creator/4.2/psoc creator/import/gnu/arm/5.4.1/bin/../lib/gcc/arm-none-eabi/5.4.1/armv7-m\libgcc.a
LOAD c:/program files (x86)/cypress/psoc creator/4.2/psoc creator/import/gnu/arm/5.4.1/bin/../lib/gcc/arm-none-eabi/5.4.1/../../../../arm-none-eabi/lib/armv7-m\libc_nano.a
END GROUP
LOAD c:/program files (x86)/cypress/psoc creator/4.2/psoc creator/import/gnu/arm/5.4.1/bin/../lib/gcc/arm-none-eabi/5.4.1/armv7-m/crtend.o
LOAD c:/program files (x86)/cypress/psoc creator/4.2/psoc creator/import/gnu/arm/5.4.1/bin/../lib/gcc/arm-none-eabi/5.4.1/armv7-m/crtn.o
START GROUP
LOAD c:/program files (x86)/cypress/psoc creator/4.2/psoc creator/import/gnu/arm/5.4.1/bin/../lib/gcc/arm-none-eabi/5.4.1/armv7-m\libgcc.a
LOAD c:/program files (x86)/cypress/psoc creator/4.2/psoc creator/import/gnu/arm/5.4.1/bin/../lib/gcc/arm-none-eabi/5.4.1/../../../../arm-none-eabi/lib/armv7-m\libc.a
LOAD c:/program files (x86)/cypress/psoc creator/4.2/psoc creator/import/gnu/arm/5.4.1/bin/../lib/gcc/arm-none-eabi/5.4.1/../../../../arm-none-eabi/lib/armv7-m\libnosys.a
END GROUP
                0x00000000                CY_APPL_ORIGIN = 0x0
                0x00000100                CY_FLASH_ROW_SIZE = 0x100
                0x00000020                CY_ECC_ROW_SIZE = 0x20
                0x00000000                CY_EE_IN_BTLDR = 0x0
                0x00000000                CY_APPL_LOADABLE = 0x0
                0x00000800                CY_EE_SIZE = 0x800
                0x00000001                CY_APPL_NUM = 0x1
                0x00000001                CY_APPL_MAX = 0x1
                0x00000040                CY_METADATA_SIZE = 0x40
                0x00000000                CY_APPL_LOADABLE = 0x0
                0x00000000                CY_CHECKSUM_EXCLUDE_SIZE = ALIGN (0x0, CY_FLASH_ROW_SIZE)
                [!provide]                PROVIDE (__cy_heap_start, _end)
                0x00000001                PROVIDE (__cy_region_num, ((__cy_regions_end - __cy_regions) / 0x10))
                0x20008000                PROVIDE (__cy_stack, (ORIGIN (ram) + LENGTH (ram)))
                [!provide]                PROVIDE (__cy_heap_end, (__cy_stack - 0x800))

.cybootloader   0x00000000        0x0
 *(.cybootloader)
                0x00000000                appl1_start = CY_APPL_ORIGIN?CY_APPL_ORIGIN:ALIGN (CY_FLASH_ROW_SIZE)
                0x0001ff00                appl2_start = (appl1_start + ALIGN ((((LENGTH (rom) - appl1_start) - (0x2 * CY_FLASH_ROW_SIZE)) / 0x2), CY_FLASH_ROW_SIZE))
                0x00000000                appl_start = (CY_APPL_NUM == 0x1)?appl1_start:appl2_start
                0x00000000                ecc_offset = ((appl_start / CY_FLASH_ROW_SIZE) * CY_ECC_ROW_SIZE)
                0x00000000                ee_offset = (CY_APPL_LOADABLE && ! (CY_EE_IN_BTLDR))?((CY_EE_SIZE / CY_APPL_MAX) * (CY_APPL_NUM - 0x1)):0x0
                0x00000800                ee_size = (CY_APPL_LOADABLE && ! (CY_EE_IN_BTLDR))?(CY_EE_SIZE / CY_APPL_MAX):CY_EE_SIZE
                [!provide]                PROVIDE (CY_ECC_OFFSET, ecc_offset)

.text           0x00000000     0x1370
 CREATE_OBJECT_SYMBOLS
                0x00000000                PROVIDE (__cy_interrupt_vector, RomVectors)
 *(.romvectors)
 .romvectors    0x00000000       0x10 .\CortexM3\ARM_GCC_541\Debug\Cm3Start.o
                0x00000000                RomVectors
                0x00000001                ASSERT ((. != __cy_interrupt_vector), No interrupt vector)
                0x00000001                ASSERT (CY_APPL_ORIGIN?(SIZEOF (.cybootloader) <= CY_APPL_ORIGIN):0x1, Wrong image location)
                0x00000010                PROVIDE (__cy_reset, Reset)
 *(.text.Reset)
 .text.Reset    0x00000010       0x18 .\CortexM3\ARM_GCC_541\Debug\Cm3Start.o
                0x00000010                Reset
                0x00000001                ASSERT ((. != __cy_reset), No reset code)
 *(.dma_init)
                0x00000001                ASSERT ((((appl_start + .) <= 0x10000) || 0x1), DMA Init must be within the first 64k of flash)
 *(.text .text.* .gnu.linkonce.t.*)
 .text          0x00000028       0x5c c:/program files (x86)/cypress/psoc creator/4.2/psoc creator/import/gnu/arm/5.4.1/bin/../lib/gcc/arm-none-eabi/5.4.1/armv7-m/crtbegin.o
 .text.ISR_CAN_1
                0x00000084       0x1c .\CortexM3\ARM_GCC_541\Debug\main.o
                0x00000084                ISR_CAN_1
 .text.main     0x000000a0       0x80 .\CortexM3\ARM_GCC_541\Debug\main.o
                0x000000a0                main
 .text.cfg_write_bytes32
                0x00000120       0x34 .\CortexM3\ARM_GCC_541\Debug\cyfitter_cfg.o
 .text.AnalogSetDefault
                0x00000154       0x28 .\CortexM3\ARM_GCC_541\Debug\cyfitter_cfg.o
 .text.CYMEMZERO
                0x0000017c        0xc .\CortexM3\ARM_GCC_541\Debug\cyfitter_cfg.o
 .text.ClockSetup
                0x00000188       0xac .\CortexM3\ARM_GCC_541\Debug\cyfitter_cfg.o
 .text.CYCONFIGCPY
                0x00000234        0x8 .\CortexM3\ARM_GCC_541\Debug\cyfitter_cfg.o
 .text.cyfitter_cfg
                0x0000023c       0xf0 .\CortexM3\ARM_GCC_541\Debug\cyfitter_cfg.o
                0x0000023c                cyfitter_cfg
 .text.IntDefaultHandler
                0x0000032c       0x10 .\CortexM3\ARM_GCC_541\Debug\Cm3Start.o
                0x0000032c                IntDefaultHandler
 .text._sbrk    0x0000033c       0x30 .\CortexM3\ARM_GCC_541\Debug\Cm3Start.o
                0x0000033c                _sbrk
 .text.Start_c  0x0000036c       0x4c .\CortexM3\ARM_GCC_541\Debug\Cm3Start.o
                0x0000036c                Start_c
 .text.initialize_psoc
                0x000003b8       0x68 .\CortexM3\ARM_GCC_541\Debug\Cm3Start.o
                0x000003b8                initialize_psoc
 .text.CyHalt   0x00000420        0x4 .\CortexM3\ARM_GCC_541\Debug\can_master.a(CyLib.o)
                0x00000420                CyHalt
 .text.CyDelay  0x00000424       0x2c .\CortexM3\ARM_GCC_541\Debug\can_master.a(CyLib.o)
                0x00000424                CyDelay
 .text.CyIntSetVector
                0x00000450       0x28 .\CortexM3\ARM_GCC_541\Debug\can_master.a(CyLib.o)
                0x00000450                CyIntSetVector
 .text.CyIntSetPriority
                0x00000478       0x30 .\CortexM3\ARM_GCC_541\Debug\can_master.a(CyLib.o)
                0x00000478                CyIntSetPriority
 .text.LED_Write
                0x000004a8       0x18 .\CortexM3\ARM_GCC_541\Debug\can_master.a(LED.o)
                0x000004a8                LED_Write
 .text.CAN_1_GlobalIntEnable
                0x000004c0       0x20 .\CortexM3\ARM_GCC_541\Debug\can_master.a(CAN_1.o)
                0x000004c0                CAN_1_GlobalIntEnable
 .text.CAN_1_Enable
                0x000004e0       0x6c .\CortexM3\ARM_GCC_541\Debug\can_master.a(CAN_1.o)
                0x000004e0                CAN_1_Enable
 .text.CAN_1_SetPreScaler
                0x0000054c       0x24 .\CortexM3\ARM_GCC_541\Debug\can_master.a(CAN_1.o)
                0x0000054c                CAN_1_SetPreScaler
 .text.CAN_1_SetArbiter
                0x00000570       0x3c .\CortexM3\ARM_GCC_541\Debug\can_master.a(CAN_1.o)
                0x00000570                CAN_1_SetArbiter
 .text.CAN_1_SetTsegSample
                0x000005ac       0x84 .\CortexM3\ARM_GCC_541\Debug\can_master.a(CAN_1.o)
                0x000005ac                CAN_1_SetTsegSample
 .text.CAN_1_SetRestartType
                0x00000630       0x3c .\CortexM3\ARM_GCC_541\Debug\can_master.a(CAN_1.o)
                0x00000630                CAN_1_SetRestartType
 .text.CAN_1_SetEdgeMode
                0x0000066c       0x3c .\CortexM3\ARM_GCC_541\Debug\can_master.a(CAN_1.o)
                0x0000066c                CAN_1_SetEdgeMode
 .text.CAN_1_SetIrqMask
                0x000006a8       0x18 .\CortexM3\ARM_GCC_541\Debug\can_master.a(CAN_1.o)
                0x000006a8                CAN_1_SetIrqMask
 .text.CAN_1_RxBufConfig
                0x000006c0       0x90 .\CortexM3\ARM_GCC_541\Debug\can_master.a(CAN_1.o)
                0x000006c0                CAN_1_RxBufConfig
 .text.CAN_1_TxBufConfig
                0x00000750       0x54 .\CortexM3\ARM_GCC_541\Debug\can_master.a(CAN_1.o)
                0x00000750                CAN_1_TxBufConfig
 .text.CAN_1_RxTxBuffersConfig
                0x000007a4       0x50 .\CortexM3\ARM_GCC_541\Debug\can_master.a(CAN_1.o)
                0x000007a4                CAN_1_RxTxBuffersConfig
 .text.CAN_1_Init
                0x000007f4       0xe0 .\CortexM3\ARM_GCC_541\Debug\can_master.a(CAN_1.o)
                0x000007f4                CAN_1_Init
 .text.CAN_1_Start
                0x000008d4       0x24 .\CortexM3\ARM_GCC_541\Debug\can_master.a(CAN_1.o)
                0x000008d4                CAN_1_Start
 .text.CAN_1_ISR
                0x000008f8        0x4 .\CortexM3\ARM_GCC_541\Debug\can_master.a(CAN_1_INT.o)
                0x000008f8                CAN_1_ISR
 .text.CAN_1_SendMsg
                0x000008fc       0xd8 .\CortexM3\ARM_GCC_541\Debug\can_master.a(CAN_1_TX_RX_func.o)
                0x000008fc                CAN_1_SendMsg
 .text.UART_1_Init
                0x000009d4       0x18 .\CortexM3\ARM_GCC_541\Debug\can_master.a(UART_1.o)
                0x000009d4                UART_1_Init
 .text.UART_1_Enable
                0x000009ec       0x24 .\CortexM3\ARM_GCC_541\Debug\can_master.a(UART_1.o)
                0x000009ec                UART_1_Enable
 .text.UART_1_Start
                0x00000a10       0x1c .\CortexM3\ARM_GCC_541\Debug\can_master.a(UART_1.o)
                0x00000a10                UART_1_Start
 .text.UART_1_PutChar
                0x00000a2c       0x18 .\CortexM3\ARM_GCC_541\Debug\can_master.a(UART_1.o)
                0x00000a2c                UART_1_PutChar
 .text.UART_1_PutString
                0x00000a44       0x24 .\CortexM3\ARM_GCC_541\Debug\can_master.a(UART_1.o)
                0x00000a44                UART_1_PutString
 .text.UART_1_IntClock_Start
                0x00000a68       0x1c .\CortexM3\ARM_GCC_541\Debug\can_master.a(UART_1_IntClock.o)
                0x00000a68                UART_1_IntClock_Start
 *fill*         0x00000a84        0x4 
 .text          0x00000a88       0x20 .\CortexM3\ARM_GCC_541\Debug\can_master.a(CyBootAsmGnu.o)
                0x00000a88                CyDelayCycles
                0x00000a98                CyEnterCriticalSection
                0x00000aa0                CyExitCriticalSection
 .text.__errno  0x00000aa8        0xc c:/program files (x86)/cypress/psoc creator/4.2/psoc creator/import/gnu/arm/5.4.1/bin/../lib/gcc/arm-none-eabi/5.4.1/../../../../arm-none-eabi/lib/armv7-m\libg_nano.a(lib_a-errno.o)
                0x00000aa8                __errno
 .text.__libc_init_array
                0x00000ab4       0x4c c:/program files (x86)/cypress/psoc creator/4.2/psoc creator/import/gnu/arm/5.4.1/bin/../lib/gcc/arm-none-eabi/5.4.1/../../../../arm-none-eabi/lib/armv7-m\libg_nano.a(lib_a-init.o)
                0x00000ab4                __libc_init_array
 .text.memcpy   0x00000b00       0x16 c:/program files (x86)/cypress/psoc creator/4.2/psoc creator/import/gnu/arm/5.4.1/bin/../lib/gcc/arm-none-eabi/5.4.1/../../../../arm-none-eabi/lib/armv7-m\libg_nano.a(lib_a-memcpy-stub.o)
                0x00000b00                memcpy
 .text.memset   0x00000b16       0x10 c:/program files (x86)/cypress/psoc creator/4.2/psoc creator/import/gnu/arm/5.4.1/bin/../lib/gcc/arm-none-eabi/5.4.1/../../../../arm-none-eabi/lib/armv7-m\libg_nano.a(lib_a-memset.o)
                0x00000b16                memset
 *fill*         0x00000b26        0x2 
 .text.sprintf  0x00000b28       0x48 c:/program files (x86)/cypress/psoc creator/4.2/psoc creator/import/gnu/arm/5.4.1/bin/../lib/gcc/arm-none-eabi/5.4.1/../../../../arm-none-eabi/lib/armv7-m\libg_nano.a(lib_a-sprintf.o)
                0x00000b28                siprintf
                0x00000b28                sprintf
 .text.__ssputs_r
                0x00000b70       0xb2 c:/program files (x86)/cypress/psoc creator/4.2/psoc creator/import/gnu/arm/5.4.1/bin/../lib/gcc/arm-none-eabi/5.4.1/../../../../arm-none-eabi/lib/armv7-m\libg_nano.a(lib_a-nano-svfprintf.o)
                0x00000b70                __ssputs_r
 *fill*         0x00000c22        0x2 
 .text._svfprintf_r
                0x00000c24      0x1e8 c:/program files (x86)/cypress/psoc creator/4.2/psoc creator/import/gnu/arm/5.4.1/bin/../lib/gcc/arm-none-eabi/5.4.1/../../../../arm-none-eabi/lib/armv7-m\libg_nano.a(lib_a-nano-svfprintf.o)
                0x00000c24                _svfiprintf_r
                0x00000c24                _svfprintf_r
 .text._printf_common
                0x00000e0c       0xec c:/program files (x86)/cypress/psoc creator/4.2/psoc creator/import/gnu/arm/5.4.1/bin/../lib/gcc/arm-none-eabi/5.4.1/../../../../arm-none-eabi/lib/armv7-m\libg_nano.a(lib_a-nano-vfprintf_i.o)
                0x00000e0c                _printf_common
 .text._printf_i
                0x00000ef8      0x24c c:/program files (x86)/cypress/psoc creator/4.2/psoc creator/import/gnu/arm/5.4.1/bin/../lib/gcc/arm-none-eabi/5.4.1/../../../../arm-none-eabi/lib/armv7-m\libg_nano.a(lib_a-nano-vfprintf_i.o)
                0x00000ef8                _printf_i
 .text.memchr   0x00001144       0x1c c:/program files (x86)/cypress/psoc creator/4.2/psoc creator/import/gnu/arm/5.4.1/bin/../lib/gcc/arm-none-eabi/5.4.1/../../../../arm-none-eabi/lib/armv7-m\libg_nano.a(lib_a-memchr-stub.o)
                0x00001144                memchr
 .text.memmove  0x00001160       0x36 c:/program files (x86)/cypress/psoc creator/4.2/psoc creator/import/gnu/arm/5.4.1/bin/../lib/gcc/arm-none-eabi/5.4.1/../../../../arm-none-eabi/lib/armv7-m\libg_nano.a(lib_a-memmove.o)
                0x00001160                memmove
 *fill*         0x00001196        0x2 
 .text._free_r  0x00001198       0x98 c:/program files (x86)/cypress/psoc creator/4.2/psoc creator/import/gnu/arm/5.4.1/bin/../lib/gcc/arm-none-eabi/5.4.1/../../../../arm-none-eabi/lib/armv7-m\libg_nano.a(lib_a-nano-freer.o)
                0x00001198                _free_r
 .text._malloc_r
                0x00001230       0xbc c:/program files (x86)/cypress/psoc creator/4.2/psoc creator/import/gnu/arm/5.4.1/bin/../lib/gcc/arm-none-eabi/5.4.1/../../../../arm-none-eabi/lib/armv7-m\libg_nano.a(lib_a-nano-mallocr.o)
                0x00001230                _malloc_r
 .text._realloc_r
                0x000012ec       0x4c c:/program files (x86)/cypress/psoc creator/4.2/psoc creator/import/gnu/arm/5.4.1/bin/../lib/gcc/arm-none-eabi/5.4.1/../../../../arm-none-eabi/lib/armv7-m\libg_nano.a(lib_a-nano-reallocr.o)
                0x000012ec                _realloc_r
 .text._sbrk_r  0x00001338       0x20 c:/program files (x86)/cypress/psoc creator/4.2/psoc creator/import/gnu/arm/5.4.1/bin/../lib/gcc/arm-none-eabi/5.4.1/../../../../arm-none-eabi/lib/armv7-m\libg_nano.a(lib_a-sbrkr.o)
                0x00001338                _sbrk_r
 .text.__malloc_lock
                0x00001358        0x2 c:/program files (x86)/cypress/psoc creator/4.2/psoc creator/import/gnu/arm/5.4.1/bin/../lib/gcc/arm-none-eabi/5.4.1/../../../../arm-none-eabi/lib/armv7-m\libg_nano.a(lib_a-mlock.o)
                0x00001358                __malloc_lock
 .text.__malloc_unlock
                0x0000135a        0x2 c:/program files (x86)/cypress/psoc creator/4.2/psoc creator/import/gnu/arm/5.4.1/bin/../lib/gcc/arm-none-eabi/5.4.1/../../../../arm-none-eabi/lib/armv7-m\libg_nano.a(lib_a-mlock.o)
                0x0000135a                __malloc_unlock
 .text._malloc_usable_size_r
                0x0000135c       0x14 c:/program files (x86)/cypress/psoc creator/4.2/psoc creator/import/gnu/arm/5.4.1/bin/../lib/gcc/arm-none-eabi/5.4.1/../../../../arm-none-eabi/lib/armv7-m\libg_nano.a(lib_a-nano-msizer.o)
                0x0000135c                _malloc_usable_size_r
 *(.plt)
 *(.gnu.warning)
 *(.glue_7t)
 .glue_7t       0x00001370        0x0 linker stubs
 *(.glue_7)
 .glue_7        0x00001370        0x0 linker stubs
 *(.vfp11_veneer)
 .vfp11_veneer  0x00001370        0x0 linker stubs
 *(.bootloader)
 *(.ARM.extab* .gnu.linkonce.armextab.*)
 *(.gcc_except_table)

.v4_bx          0x00001370        0x0
 .v4_bx         0x00001370        0x0 linker stubs

.iplt           0x00001370        0x0
 .iplt          0x00001370        0x0 c:/program files (x86)/cypress/psoc creator/4.2/psoc creator/import/gnu/arm/5.4.1/bin/../lib/gcc/arm-none-eabi/5.4.1/armv7-m/crtbegin.o

.eh_frame_hdr
 *(.eh_frame_hdr)

.eh_frame       0x00001370        0x4
 *(.eh_frame)
 .eh_frame      0x00001370        0x0 c:/program files (x86)/cypress/psoc creator/4.2/psoc creator/import/gnu/arm/5.4.1/bin/../lib/gcc/arm-none-eabi/5.4.1/armv7-m/crtbegin.o
 .eh_frame      0x00001370        0x4 c:/program files (x86)/cypress/psoc creator/4.2/psoc creator/import/gnu/arm/5.4.1/bin/../lib/gcc/arm-none-eabi/5.4.1/armv7-m/crtend.o
                [!provide]                PROVIDE (__exidx_start, .)

.ARM.exidx
 *(.ARM.exidx* .gnu.linkonce.armexidx.*)
                0x00001374                __exidx_end = .

.rodata         0x00001374      0x204
 *(.rodata .rodata.* .gnu.linkonce.r.*)
 .rodata.str1.4
                0x00001374        0x4 .\CortexM3\ARM_GCC_541\Debug\main.o
 .rodata        0x00001378       0x30 .\CortexM3\ARM_GCC_541\Debug\cyfitter_cfg.o
 .rodata        0x000013a8      0x160 .\CortexM3\ARM_GCC_541\Debug\can_master.a(CAN_1.o)
 .rodata.str1.1
                0x00001508        0x2 c:/program files (x86)/cypress/psoc creator/4.2/psoc creator/import/gnu/arm/5.4.1/bin/../lib/gcc/arm-none-eabi/5.4.1/../../../../arm-none-eabi/lib/armv7-m\libg_nano.a(lib_a-impure.o)
 .rodata.str1.1
                0x0000150a       0x11 c:/program files (x86)/cypress/psoc creator/4.2/psoc creator/import/gnu/arm/5.4.1/bin/../lib/gcc/arm-none-eabi/5.4.1/../../../../arm-none-eabi/lib/armv7-m\libg_nano.a(lib_a-nano-svfprintf.o)
 .rodata.str1.1
                0x0000151b       0x22 c:/program files (x86)/cypress/psoc creator/4.2/psoc creator/import/gnu/arm/5.4.1/bin/../lib/gcc/arm-none-eabi/5.4.1/../../../../arm-none-eabi/lib/armv7-m\libg_nano.a(lib_a-nano-vfprintf_i.o)
                0x00001540                . = ALIGN (0x4)
 *fill*         0x0000153d        0x3 
 *(.init)
 .init          0x00001540        0x4 c:/program files (x86)/cypress/psoc creator/4.2/psoc creator/import/gnu/arm/5.4.1/bin/../lib/gcc/arm-none-eabi/5.4.1/armv7-m/crti.o
                0x00001540                _init
 .init          0x00001544        0x8 c:/program files (x86)/cypress/psoc creator/4.2/psoc creator/import/gnu/arm/5.4.1/bin/../lib/gcc/arm-none-eabi/5.4.1/armv7-m/crtn.o
                0x0000154c                . = ALIGN (0x4)
                0x0000154c                __preinit_array_start = .
 *(.preinit_array)
                0x0000154c                __preinit_array_end = .
                0x0000154c                . = ALIGN (0x4)
                0x0000154c                __init_array_start = .
 *(SORT(.init_array.*))
 *(.init_array)
 .init_array    0x0000154c        0x4 c:/program files (x86)/cypress/psoc creator/4.2/psoc creator/import/gnu/arm/5.4.1/bin/../lib/gcc/arm-none-eabi/5.4.1/armv7-m/crtbegin.o
 .init_array    0x00001550        0x4 .\CortexM3\ARM_GCC_541\Debug\Cm3Start.o
                0x00001554                __init_array_end = .
                0x00001554                . = ALIGN (0x4)
 *(.fini)
 .fini          0x00001554        0x4 c:/program files (x86)/cypress/psoc creator/4.2/psoc creator/import/gnu/arm/5.4.1/bin/../lib/gcc/arm-none-eabi/5.4.1/armv7-m/crti.o
                0x00001554                _fini
 .fini          0x00001558        0x8 c:/program files (x86)/cypress/psoc creator/4.2/psoc creator/import/gnu/arm/5.4.1/bin/../lib/gcc/arm-none-eabi/5.4.1/armv7-m/crtn.o
                0x00001560                . = ALIGN (0x4)
                0x00001560                __fini_array_start = .
 *(.fini_array)
 .fini_array    0x00001560        0x4 c:/program files (x86)/cypress/psoc creator/4.2/psoc creator/import/gnu/arm/5.4.1/bin/../lib/gcc/arm-none-eabi/5.4.1/armv7-m/crtbegin.o
 *(SORT(.fini_array.*))
                0x00001564                __fini_array_end = .
                0x00001564                . = ALIGN (0x4)
 *crtbegin.o(.ctors)
 *(EXCLUDE_FILE(*crtend.o) .ctors)
 *(SORT(.ctors.*))
 *crtend.o(.ctors)
                0x00001564                . = ALIGN (0x4)
 *crtbegin.o(.dtors)
 *(EXCLUDE_FILE(*crtend.o) .dtors)
 *(SORT(.dtors.*))
 *crtend.o(.dtors)
                0x00001564                . = ALIGN (0x4)
                0x00001564                __cy_regions = .
                0x00001564        0x4 LONG 0x1578 __cy_region_init_ram
                0x00001568        0x4 LONG 0x1fff80c8 __cy_region_start_data
                0x0000156c        0x4 LONG 0x80 __cy_region_init_size_ram
                0x00001570        0x4 LONG 0x148 __cy_region_zero_size_ram
                0x00001574                __cy_regions_end = .
                0x00001578                . = ALIGN (0x8)
 *fill*         0x00001574        0x4 
                0x00001578                _etext = .

.cy_checksum_exclude
                0x00001578        0x0
 *(.cy_checksum_exclude)

.ramvectors     0x1fff8000       0xc0
                0x1fff8000                __cy_region_start_ram = .
 *(.ramvectors)
 .ramvectors    0x1fff8000       0xc0 .\CortexM3\ARM_GCC_541\Debug\Cm3Start.o
                0x1fff8000                CyRamVectors

.noinit         0x1fff80c0        0x1
 *(.noinit)
 .noinit        0x1fff80c0        0x1 .\CortexM3\ARM_GCC_541\Debug\can_master.a(CyLib.o)
                0x1fff80c0                CyResetStatus

.data           0x1fff80c8       0x80 load address 0x00001578
                0x1fff80c8                __cy_region_start_data = .
 *(.jcr)
 .jcr           0x1fff80c8        0x0 c:/program files (x86)/cypress/psoc creator/4.2/psoc creator/import/gnu/arm/5.4.1/bin/../lib/gcc/arm-none-eabi/5.4.1/armv7-m/crtbegin.o
 .jcr           0x1fff80c8        0x4 c:/program files (x86)/cypress/psoc creator/4.2/psoc creator/import/gnu/arm/5.4.1/bin/../lib/gcc/arm-none-eabi/5.4.1/armv7-m/crtend.o
 *(.got.plt)
 *(.got)
 *(.shdata)
 *(.data .data.* .gnu.linkonce.d.*)
 .data          0x1fff80cc        0x4 .\CortexM3\ARM_GCC_541\Debug\Cm3Start.o
 .data          0x1fff80d0       0x10 .\CortexM3\ARM_GCC_541\Debug\can_master.a(CyLib.o)
                0x1fff80d0                cydelay_32k_ms
                0x1fff80d4                cydelay_freq_khz
                0x1fff80d8                cydelay_freq_mhz
                0x1fff80dc                cydelay_freq_hz
 .data.impure_data
                0x1fff80e0       0x60 c:/program files (x86)/cypress/psoc creator/4.2/psoc creator/import/gnu/arm/5.4.1/bin/../lib/gcc/arm-none-eabi/5.4.1/../../../../arm-none-eabi/lib/armv7-m\libg_nano.a(lib_a-impure.o)
 .data._impure_ptr
                0x1fff8140        0x4 c:/program files (x86)/cypress/psoc creator/4.2/psoc creator/import/gnu/arm/5.4.1/bin/../lib/gcc/arm-none-eabi/5.4.1/../../../../arm-none-eabi/lib/armv7-m\libg_nano.a(lib_a-impure.o)
                0x1fff8140                _impure_ptr
                0x1fff8148                . = ALIGN (0x8)
 *fill*         0x1fff8144        0x4 
 *(.ram)
                0x1fff8148                _edata = .

.igot.plt       0x1fff8148        0x0 load address 0x000015f8
 .igot.plt      0x1fff8148        0x0 c:/program files (x86)/cypress/psoc creator/4.2/psoc creator/import/gnu/arm/5.4.1/bin/../lib/gcc/arm-none-eabi/5.4.1/armv7-m/crtbegin.o

.bss            0x1fff8148      0x148 load address 0x000015f8
                0x1fff8148                PROVIDE (__bss_start__, .)
 *(.shbss)
 *(.bss .bss.* .gnu.linkonce.b.*)
 .bss           0x1fff8148       0x1c c:/program files (x86)/cypress/psoc creator/4.2/psoc creator/import/gnu/arm/5.4.1/bin/../lib/gcc/arm-none-eabi/5.4.1/armv7-m/crtbegin.o
 .bss           0x1fff8164      0x100 .\CortexM3\ARM_GCC_541\Debug\main.o
                0x1fff8164                uartbuf
 .bss           0x1fff8264        0x1 .\CortexM3\ARM_GCC_541\Debug\can_master.a(CAN_1.o)
                0x1fff8264                CAN_1_initVar
 .bss           0x1fff8265        0x2 .\CortexM3\ARM_GCC_541\Debug\can_master.a(UART_1.o)
                0x1fff8265                UART_1_initVar
 *fill*         0x1fff8267        0x1 
 .bss.__malloc_sbrk_start
                0x1fff8268        0x4 c:/program files (x86)/cypress/psoc creator/4.2/psoc creator/import/gnu/arm/5.4.1/bin/../lib/gcc/arm-none-eabi/5.4.1/../../../../arm-none-eabi/lib/armv7-m\libg_nano.a(lib_a-nano-mallocr.o)
                0x1fff8268                __malloc_sbrk_start
 .bss.__malloc_free_list
                0x1fff826c        0x4 c:/program files (x86)/cypress/psoc creator/4.2/psoc creator/import/gnu/arm/5.4.1/bin/../lib/gcc/arm-none-eabi/5.4.1/../../../../arm-none-eabi/lib/armv7-m\libg_nano.a(lib_a-nano-mallocr.o)
                0x1fff826c                __malloc_free_list
 *(COMMON)
 COMMON         0x1fff8270       0x15 .\CortexM3\ARM_GCC_541\Debug\main.o
                0x1fff8270                Tx_Data
                0x1fff827c                dataTX
                0x1fff8284                Rx_Data
 *fill*         0x1fff8285        0x3 
 COMMON         0x1fff8288        0x4 c:/program files (x86)/cypress/psoc creator/4.2/psoc creator/import/gnu/arm/5.4.1/bin/../lib/gcc/arm-none-eabi/5.4.1/../../../../arm-none-eabi/lib/armv7-m\libg_nano.a(lib_a-reent.o)
                0x1fff8288                errno
                0x1fff8290                . = ALIGN (0x8)
 *fill*         0x1fff828c        0x4 
 *(.ram.b)
                0x1fff8290                _end = .
                0x1fff8290                __end = .
                0x1fff8290                PROVIDE (end, .)
                0x1fff8290                PROVIDE (__bss_end__, .)
                0x00001578                __cy_region_init_ram = LOADADDR (.data)
                0x00000080                __cy_region_init_size_ram = (_edata - ADDR (.data))
                0x00000148                __cy_region_zero_size_ram = (_end - _edata)

.heap           0x1fff8290       0x80 load address 0x000015f8
                0x1fff8290                . = _end
                0x1fff8310                . = (. + 0x80)
 *fill*         0x1fff8290       0x80 
                0x1fff8310                __cy_heap_limit = .

.stack          0x20007800      0x800
                0x20007800                __cy_stack_limit = .
                0x20008000                . = (. + 0x800)
 *fill*         0x20007800      0x800 
                0x00000001                ASSERT ((__cy_stack_limit >= __cy_heap_limit), region RAM overflowed with stack)
                0x00000000                cy_checksum_exclude_size = (CY_APPL_LOADABLE == 0x1)?SIZEOF (.cy_checksum_exclude):0x0
                0x00000001                ASSERT ((cy_checksum_exclude_size <= CY_CHECKSUM_EXCLUDE_SIZE), CY_BOOT: Section .cy_checksum_exclude size exceedes specified limit.)

.cyloadermeta
 *(.cyloadermeta)

.cyloadablemeta
 *(.cyloadablemeta)

.cyconfigecc    0x80000000      0x1a0
 *(.cyconfigecc)
 .cyconfigecc   0x80000000      0x1a0 .\CortexM3\ARM_GCC_541\Debug\cymetadata.o
                0x80000000                cy_meta_configecc

.cycustnvl      0x90000000        0x4
 *(.cycustnvl)
 .cycustnvl     0x90000000        0x4 .\CortexM3\ARM_GCC_541\Debug\cymetadata.o
                0x90000000                cy_meta_custnvl

.cywolatch      0x90100000        0x4
 *(.cywolatch)
 .cywolatch     0x90100000        0x4 .\CortexM3\ARM_GCC_541\Debug\cymetadata.o
                0x90100000                cy_meta_wonvl

.cyeeprom       0x90200000        0x0
 *(.cyeeprom)
                0x00000001                ASSERT ((. <= ((0x90200000 + ee_offset) + ee_size)), .cyeeprom data will not fit in EEPROM)

.cyflashprotect
                0x90400000      0x100
 *(.cyflashprotect)
 .cyflashprotect
                0x90400000      0x100 .\CortexM3\ARM_GCC_541\Debug\cymetadata.o
                0x90400000                cy_meta_flashprotect

.cymeta         0x90500000        0xc
 *(.cymeta)
 .cymeta        0x90500000        0xc .\CortexM3\ARM_GCC_541\Debug\cymetadata.o
                0x90500000                cy_metadata

.rel.dyn        0x000015f8        0x0 load address 0x9050000c
 .rel.iplt      0x000015f8        0x0 c:/program files (x86)/cypress/psoc creator/4.2/psoc creator/import/gnu/arm/5.4.1/bin/../lib/gcc/arm-none-eabi/5.4.1/armv7-m/crtbegin.o

.stab
 *(.stab)

.stabstr
 *(.stabstr)

.debug
 *(.debug)

.line
 *(.line)

.debug_srcinfo
 *(.debug_srcinfo)

.debug_sfnames
 *(.debug_sfnames)

.debug_aranges  0x00000000      0x7a0
 *(.debug_aranges)
 .debug_aranges
                0x00000000       0x28 .\CortexM3\ARM_GCC_541\Debug\main.o
 .debug_aranges
                0x00000028       0x50 .\CortexM3\ARM_GCC_541\Debug\cyfitter_cfg.o
 .debug_aranges
                0x00000078       0x18 .\CortexM3\ARM_GCC_541\Debug\cymetadata.o
 .debug_aranges
                0x00000090       0x48 .\CortexM3\ARM_GCC_541\Debug\Cm3Start.o
 .debug_aranges
                0x000000d8      0x2a0 .\CortexM3\ARM_GCC_541\Debug\can_master.a(CyLib.o)
 .debug_aranges
                0x00000378       0x98 .\CortexM3\ARM_GCC_541\Debug\can_master.a(cyPm.o)
 .debug_aranges
                0x00000410       0x38 .\CortexM3\ARM_GCC_541\Debug\can_master.a(LED.o)
 .debug_aranges
                0x00000448       0xc8 .\CortexM3\ARM_GCC_541\Debug\can_master.a(CAN_1.o)
 .debug_aranges
                0x00000510       0x20 .\CortexM3\ARM_GCC_541\Debug\can_master.a(CAN_1_INT.o)
 .debug_aranges
                0x00000530       0x38 .\CortexM3\ARM_GCC_541\Debug\can_master.a(CAN_1_TX_RX_func.o)
 .debug_aranges
                0x00000568       0xa0 .\CortexM3\ARM_GCC_541\Debug\can_master.a(UART_1.o)
 .debug_aranges
                0x00000608       0x70 .\CortexM3\ARM_GCC_541\Debug\can_master.a(UART_1_IntClock.o)
 .debug_aranges
                0x00000678       0x20 .\CortexM3\ARM_GCC_541\Debug\can_master.a(CyBootAsmGnu.o)
 .debug_aranges
                0x00000698       0x88 .\CortexM3\ARM_GCC_541\Debug\can_master.a(CyFlash.o)
 .debug_aranges
                0x00000720       0x80 .\CortexM3\ARM_GCC_541\Debug\can_master.a(CySpc.o)

.debug_pubnames
 *(.debug_pubnames)

.debug_info     0x00000000     0x4bfc
 *(.debug_info .gnu.linkonce.wi.*)
 .debug_info    0x00000000      0x3bf .\CortexM3\ARM_GCC_541\Debug\main.o
 .debug_info    0x000003bf      0x493 .\CortexM3\ARM_GCC_541\Debug\cyfitter_cfg.o
 .debug_info    0x00000852      0x135 .\CortexM3\ARM_GCC_541\Debug\cymetadata.o
 .debug_info    0x00000987      0x3bb .\CortexM3\ARM_GCC_541\Debug\Cm3Start.o
 .debug_info    0x00000d42     0x1374 .\CortexM3\ARM_GCC_541\Debug\can_master.a(CyLib.o)
 .debug_info    0x000020b6      0xa2a .\CortexM3\ARM_GCC_541\Debug\can_master.a(cyPm.o)
 .debug_info    0x00002ae0      0x11f .\CortexM3\ARM_GCC_541\Debug\can_master.a(LED.o)
 .debug_info    0x00002bff      0x8fb .\CortexM3\ARM_GCC_541\Debug\can_master.a(CAN_1.o)
 .debug_info    0x000034fa       0xa0 .\CortexM3\ARM_GCC_541\Debug\can_master.a(CAN_1_INT.o)
 .debug_info    0x0000359a      0x357 .\CortexM3\ARM_GCC_541\Debug\can_master.a(CAN_1_TX_RX_func.o)
 .debug_info    0x000038f1      0x45c .\CortexM3\ARM_GCC_541\Debug\can_master.a(UART_1.o)
 .debug_info    0x00003d4d      0x283 .\CortexM3\ARM_GCC_541\Debug\can_master.a(UART_1_IntClock.o)
 .debug_info    0x00003fd0       0x8f .\CortexM3\ARM_GCC_541\Debug\can_master.a(CyBootAsmGnu.o)
 .debug_info    0x0000405f      0x64d .\CortexM3\ARM_GCC_541\Debug\can_master.a(CyFlash.o)
 .debug_info    0x000046ac      0x550 .\CortexM3\ARM_GCC_541\Debug\can_master.a(CySpc.o)

.debug_abbrev   0x00000000     0x131a
 *(.debug_abbrev)
 .debug_abbrev  0x00000000      0x139 .\CortexM3\ARM_GCC_541\Debug\main.o
 .debug_abbrev  0x00000139      0x1e3 .\CortexM3\ARM_GCC_541\Debug\cyfitter_cfg.o
 .debug_abbrev  0x0000031c       0x66 .\CortexM3\ARM_GCC_541\Debug\cymetadata.o
 .debug_abbrev  0x00000382      0x1e8 .\CortexM3\ARM_GCC_541\Debug\Cm3Start.o
 .debug_abbrev  0x0000056a      0x254 .\CortexM3\ARM_GCC_541\Debug\can_master.a(CyLib.o)
 .debug_abbrev  0x000007be      0x1ab .\CortexM3\ARM_GCC_541\Debug\can_master.a(cyPm.o)
 .debug_abbrev  0x00000969       0x90 .\CortexM3\ARM_GCC_541\Debug\can_master.a(LED.o)
 .debug_abbrev  0x000009f9      0x195 .\CortexM3\ARM_GCC_541\Debug\can_master.a(CAN_1.o)
 .debug_abbrev  0x00000b8e       0x42 .\CortexM3\ARM_GCC_541\Debug\can_master.a(CAN_1_INT.o)
 .debug_abbrev  0x00000bd0      0x14d .\CortexM3\ARM_GCC_541\Debug\can_master.a(CAN_1_TX_RX_func.o)
 .debug_abbrev  0x00000d1d      0x175 .\CortexM3\ARM_GCC_541\Debug\can_master.a(UART_1.o)
 .debug_abbrev  0x00000e92      0x139 .\CortexM3\ARM_GCC_541\Debug\can_master.a(UART_1_IntClock.o)
 .debug_abbrev  0x00000fcb       0x14 .\CortexM3\ARM_GCC_541\Debug\can_master.a(CyBootAsmGnu.o)
 .debug_abbrev  0x00000fdf      0x1a7 .\CortexM3\ARM_GCC_541\Debug\can_master.a(CyFlash.o)
 .debug_abbrev  0x00001186      0x194 .\CortexM3\ARM_GCC_541\Debug\can_master.a(CySpc.o)

.debug_line     0x00000000     0x20b4
 *(.debug_line)
 .debug_line    0x00000000      0x242 .\CortexM3\ARM_GCC_541\Debug\main.o
 .debug_line    0x00000242      0x1c3 .\CortexM3\ARM_GCC_541\Debug\cyfitter_cfg.o
 .debug_line    0x00000405      0x141 .\CortexM3\ARM_GCC_541\Debug\cymetadata.o
 .debug_line    0x00000546      0x234 .\CortexM3\ARM_GCC_541\Debug\Cm3Start.o
 .debug_line    0x0000077a      0x816 .\CortexM3\ARM_GCC_541\Debug\can_master.a(CyLib.o)
 .debug_line    0x00000f90      0x367 .\CortexM3\ARM_GCC_541\Debug\can_master.a(cyPm.o)
 .debug_line    0x000012f7       0x90 .\CortexM3\ARM_GCC_541\Debug\can_master.a(LED.o)
 .debug_line    0x00001387      0x382 .\CortexM3\ARM_GCC_541\Debug\can_master.a(CAN_1.o)
 .debug_line    0x00001709       0x52 .\CortexM3\ARM_GCC_541\Debug\can_master.a(CAN_1_INT.o)
 .debug_line    0x0000175b      0x107 .\CortexM3\ARM_GCC_541\Debug\can_master.a(CAN_1_TX_RX_func.o)
 .debug_line    0x00001862      0x1f4 .\CortexM3\ARM_GCC_541\Debug\can_master.a(UART_1.o)
 .debug_line    0x00001a56      0x17e .\CortexM3\ARM_GCC_541\Debug\can_master.a(UART_1_IntClock.o)
 .debug_line    0x00001bd4       0x66 .\CortexM3\ARM_GCC_541\Debug\can_master.a(CyBootAsmGnu.o)
 .debug_line    0x00001c3a      0x21a .\CortexM3\ARM_GCC_541\Debug\can_master.a(CyFlash.o)
 .debug_line    0x00001e54      0x260 .\CortexM3\ARM_GCC_541\Debug\can_master.a(CySpc.o)

.debug_frame    0x00000000     0x1708
 *(.debug_frame)
 .debug_frame   0x00000000       0x3c .\CortexM3\ARM_GCC_541\Debug\main.o
 .debug_frame   0x0000003c       0xd4 .\CortexM3\ARM_GCC_541\Debug\cyfitter_cfg.o
 .debug_frame   0x00000110       0xb8 .\CortexM3\ARM_GCC_541\Debug\Cm3Start.o
 .debug_frame   0x000001c8      0x738 .\CortexM3\ARM_GCC_541\Debug\can_master.a(CyLib.o)
 .debug_frame   0x00000900      0x1f8 .\CortexM3\ARM_GCC_541\Debug\can_master.a(cyPm.o)
 .debug_frame   0x00000af8       0x50 .\CortexM3\ARM_GCC_541\Debug\can_master.a(LED.o)
 .debug_frame   0x00000b48      0x1cc .\CortexM3\ARM_GCC_541\Debug\can_master.a(CAN_1.o)
 .debug_frame   0x00000d14       0x20 .\CortexM3\ARM_GCC_541\Debug\can_master.a(CAN_1_INT.o)
 .debug_frame   0x00000d34       0x64 .\CortexM3\ARM_GCC_541\Debug\can_master.a(CAN_1_TX_RX_func.o)
 .debug_frame   0x00000d98      0x198 .\CortexM3\ARM_GCC_541\Debug\can_master.a(UART_1.o)
 .debug_frame   0x00000f30       0xe0 .\CortexM3\ARM_GCC_541\Debug\can_master.a(UART_1_IntClock.o)
 .debug_frame   0x00001010      0x194 .\CortexM3\ARM_GCC_541\Debug\can_master.a(CyFlash.o)
 .debug_frame   0x000011a4      0x180 .\CortexM3\ARM_GCC_541\Debug\can_master.a(CySpc.o)
 .debug_frame   0x00001324       0x20 c:/program files (x86)/cypress/psoc creator/4.2/psoc creator/import/gnu/arm/5.4.1/bin/../lib/gcc/arm-none-eabi/5.4.1/../../../../arm-none-eabi/lib/armv7-m\libg_nano.a(lib_a-errno.o)
 .debug_frame   0x00001344       0x28 c:/program files (x86)/cypress/psoc creator/4.2/psoc creator/import/gnu/arm/5.4.1/bin/../lib/gcc/arm-none-eabi/5.4.1/../../../../arm-none-eabi/lib/armv7-m\libg_nano.a(lib_a-exit.o)
 .debug_frame   0x0000136c       0x2c c:/program files (x86)/cypress/psoc creator/4.2/psoc creator/import/gnu/arm/5.4.1/bin/../lib/gcc/arm-none-eabi/5.4.1/../../../../arm-none-eabi/lib/armv7-m\libg_nano.a(lib_a-init.o)
 .debug_frame   0x00001398       0x28 c:/program files (x86)/cypress/psoc creator/4.2/psoc creator/import/gnu/arm/5.4.1/bin/../lib/gcc/arm-none-eabi/5.4.1/../../../../arm-none-eabi/lib/armv7-m\libg_nano.a(lib_a-memcpy-stub.o)
 .debug_frame   0x000013c0       0x20 c:/program files (x86)/cypress/psoc creator/4.2/psoc creator/import/gnu/arm/5.4.1/bin/../lib/gcc/arm-none-eabi/5.4.1/../../../../arm-none-eabi/lib/armv7-m\libg_nano.a(lib_a-memset.o)
 .debug_frame   0x000013e0       0x70 c:/program files (x86)/cypress/psoc creator/4.2/psoc creator/import/gnu/arm/5.4.1/bin/../lib/gcc/arm-none-eabi/5.4.1/../../../../arm-none-eabi/lib/armv7-m\libg_nano.a(lib_a-sprintf.o)
 .debug_frame   0x00001450       0x90 c:/program files (x86)/cypress/psoc creator/4.2/psoc creator/import/gnu/arm/5.4.1/bin/../lib/gcc/arm-none-eabi/5.4.1/../../../../arm-none-eabi/lib/armv7-m\libg_nano.a(lib_a-nano-svfprintf.o)
 .debug_frame   0x000014e0       0x60 c:/program files (x86)/cypress/psoc creator/4.2/psoc creator/import/gnu/arm/5.4.1/bin/../lib/gcc/arm-none-eabi/5.4.1/../../../../arm-none-eabi/lib/armv7-m\libg_nano.a(lib_a-nano-vfprintf_i.o)
 .debug_frame   0x00001540       0x28 c:/program files (x86)/cypress/psoc creator/4.2/psoc creator/import/gnu/arm/5.4.1/bin/../lib/gcc/arm-none-eabi/5.4.1/../../../../arm-none-eabi/lib/armv7-m\libg_nano.a(lib_a-memchr-stub.o)
 .debug_frame   0x00001568       0x28 c:/program files (x86)/cypress/psoc creator/4.2/psoc creator/import/gnu/arm/5.4.1/bin/../lib/gcc/arm-none-eabi/5.4.1/../../../../arm-none-eabi/lib/armv7-m\libg_nano.a(lib_a-memmove.o)
 .debug_frame   0x00001590       0x38 c:/program files (x86)/cypress/psoc creator/4.2/psoc creator/import/gnu/arm/5.4.1/bin/../lib/gcc/arm-none-eabi/5.4.1/../../../../arm-none-eabi/lib/armv7-m\libg_nano.a(lib_a-nano-freer.o)
 .debug_frame   0x000015c8       0x2c c:/program files (x86)/cypress/psoc creator/4.2/psoc creator/import/gnu/arm/5.4.1/bin/../lib/gcc/arm-none-eabi/5.4.1/../../../../arm-none-eabi/lib/armv7-m\libg_nano.a(lib_a-nano-mallocr.o)
 .debug_frame   0x000015f4       0x3c c:/program files (x86)/cypress/psoc creator/4.2/psoc creator/import/gnu/arm/5.4.1/bin/../lib/gcc/arm-none-eabi/5.4.1/../../../../arm-none-eabi/lib/armv7-m\libg_nano.a(lib_a-nano-reallocr.o)
 .debug_frame   0x00001630       0x2c c:/program files (x86)/cypress/psoc creator/4.2/psoc creator/import/gnu/arm/5.4.1/bin/../lib/gcc/arm-none-eabi/5.4.1/../../../../arm-none-eabi/lib/armv7-m\libg_nano.a(lib_a-sbrkr.o)
 .debug_frame   0x0000165c       0x30 c:/program files (x86)/cypress/psoc creator/4.2/psoc creator/import/gnu/arm/5.4.1/bin/../lib/gcc/arm-none-eabi/5.4.1/../../../../arm-none-eabi/lib/armv7-m\libg_nano.a(lib_a-mlock.o)
 .debug_frame   0x0000168c       0x20 c:/program files (x86)/cypress/psoc creator/4.2/psoc creator/import/gnu/arm/5.4.1/bin/../lib/gcc/arm-none-eabi/5.4.1/../../../../arm-none-eabi/lib/armv7-m\libg_nano.a(lib_a-nano-msizer.o)
 .debug_frame   0x000016ac       0x5c c:/program files (x86)/cypress/psoc creator/4.2/psoc creator/import/gnu/arm/5.4.1/bin/../lib/gcc/arm-none-eabi/5.4.1/../../../../arm-none-eabi/lib/armv7-m\libg_nano.a(lib_a-reent.o)

.debug_str      0x00000000     0x1ace
 *(.debug_str)
 .debug_str     0x00000000      0x280 .\CortexM3\ARM_GCC_541\Debug\main.o
                                0x2c8 (size before relaxing)
 .debug_str     0x00000280      0x157 .\CortexM3\ARM_GCC_541\Debug\cyfitter_cfg.o
                                0x2f0 (size before relaxing)
 .debug_str     0x000003d7       0x7f .\CortexM3\ARM_GCC_541\Debug\cymetadata.o
                                0x1e3 (size before relaxing)
 .debug_str     0x00000456      0x144 .\CortexM3\ARM_GCC_541\Debug\Cm3Start.o
                                0x309 (size before relaxing)
 .debug_str     0x0000059a      0x83d .\CortexM3\ARM_GCC_541\Debug\can_master.a(CyLib.o)
                                0xa46 (size before relaxing)
 .debug_str     0x00000dd7      0x365 .\CortexM3\ARM_GCC_541\Debug\can_master.a(cyPm.o)
                                0x732 (size before relaxing)
 .debug_str     0x0000113c       0x52 .\CortexM3\ARM_GCC_541\Debug\can_master.a(LED.o)
                                0x1d7 (size before relaxing)
 .debug_str     0x0000118e      0x2b6 .\CortexM3\ARM_GCC_541\Debug\can_master.a(CAN_1.o)
                                0x520 (size before relaxing)
 .debug_str     0x00001444       0x2d .\CortexM3\ARM_GCC_541\Debug\can_master.a(CAN_1_INT.o)
                                0x1a7 (size before relaxing)
 .debug_str     0x00001471       0x8b .\CortexM3\ARM_GCC_541\Debug\can_master.a(CAN_1_TX_RX_func.o)
                                0x2dd (size before relaxing)
 .debug_str     0x000014fc      0x1d4 .\CortexM3\ARM_GCC_541\Debug\can_master.a(UART_1.o)
                                0x3c7 (size before relaxing)
 .debug_str     0x000016d0      0x197 .\CortexM3\ARM_GCC_541\Debug\can_master.a(UART_1_IntClock.o)
                                0x34d (size before relaxing)
 .debug_str     0x00001867      0x1bb .\CortexM3\ARM_GCC_541\Debug\can_master.a(CyFlash.o)
                                0x3bf (size before relaxing)
 .debug_str     0x00001a22       0xac .\CortexM3\ARM_GCC_541\Debug\can_master.a(CySpc.o)
                                0x337 (size before relaxing)

.debug_loc      0x00000000     0x282b
 *(.debug_loc)
 .debug_loc     0x00000000      0x1d7 .\CortexM3\ARM_GCC_541\Debug\cyfitter_cfg.o
 .debug_loc     0x000001d7      0x144 .\CortexM3\ARM_GCC_541\Debug\Cm3Start.o
 .debug_loc     0x0000031b      0xa11 .\CortexM3\ARM_GCC_541\Debug\can_master.a(CyLib.o)
 .debug_loc     0x00000d2c      0x1e4 .\CortexM3\ARM_GCC_541\Debug\can_master.a(cyPm.o)
 .debug_loc     0x00000f10       0x42 .\CortexM3\ARM_GCC_541\Debug\can_master.a(LED.o)
 .debug_loc     0x00000f52      0x980 .\CortexM3\ARM_GCC_541\Debug\can_master.a(CAN_1.o)
 .debug_loc     0x000018d2      0x17f .\CortexM3\ARM_GCC_541\Debug\can_master.a(CAN_1_TX_RX_func.o)
 .debug_loc     0x00001a51      0x1f7 .\CortexM3\ARM_GCC_541\Debug\can_master.a(UART_1.o)
 .debug_loc     0x00001c48      0x12c .\CortexM3\ARM_GCC_541\Debug\can_master.a(UART_1_IntClock.o)
 .debug_loc     0x00001d74      0x3b2 .\CortexM3\ARM_GCC_541\Debug\can_master.a(CyFlash.o)
 .debug_loc     0x00002126      0x705 .\CortexM3\ARM_GCC_541\Debug\can_master.a(CySpc.o)

.debug_macinfo
 *(.debug_macinfo)

.debug_ranges   0x00000000      0x698
 *(.debug_ranges)
 .debug_ranges  0x00000000       0x18 .\CortexM3\ARM_GCC_541\Debug\main.o
 .debug_ranges  0x00000018       0x40 .\CortexM3\ARM_GCC_541\Debug\cyfitter_cfg.o
 .debug_ranges  0x00000058       0x38 .\CortexM3\ARM_GCC_541\Debug\Cm3Start.o
 .debug_ranges  0x00000090      0x290 .\CortexM3\ARM_GCC_541\Debug\can_master.a(CyLib.o)
 .debug_ranges  0x00000320       0x88 .\CortexM3\ARM_GCC_541\Debug\can_master.a(cyPm.o)
 .debug_ranges  0x000003a8       0x28 .\CortexM3\ARM_GCC_541\Debug\can_master.a(LED.o)
 .debug_ranges  0x000003d0       0xb8 .\CortexM3\ARM_GCC_541\Debug\can_master.a(CAN_1.o)
 .debug_ranges  0x00000488       0x10 .\CortexM3\ARM_GCC_541\Debug\can_master.a(CAN_1_INT.o)
 .debug_ranges  0x00000498       0x28 .\CortexM3\ARM_GCC_541\Debug\can_master.a(CAN_1_TX_RX_func.o)
 .debug_ranges  0x000004c0       0x90 .\CortexM3\ARM_GCC_541\Debug\can_master.a(UART_1.o)
 .debug_ranges  0x00000550       0x60 .\CortexM3\ARM_GCC_541\Debug\can_master.a(UART_1_IntClock.o)
 .debug_ranges  0x000005b0       0x78 .\CortexM3\ARM_GCC_541\Debug\can_master.a(CyFlash.o)
 .debug_ranges  0x00000628       0x70 .\CortexM3\ARM_GCC_541\Debug\can_master.a(CySpc.o)

.comment        0x00000000       0x6e
 .comment       0x00000000       0x6e .\CortexM3\ARM_GCC_541\Debug\main.o
                                 0x6f (size before relaxing)
 .comment       0x0000006e       0x6f .\CortexM3\ARM_GCC_541\Debug\cyfitter_cfg.o
 .comment       0x0000006e       0x6f .\CortexM3\ARM_GCC_541\Debug\cymetadata.o
 .comment       0x0000006e       0x6f .\CortexM3\ARM_GCC_541\Debug\Cm3Start.o
 .comment       0x0000006e       0x6f .\CortexM3\ARM_GCC_541\Debug\can_master.a(CyLib.o)
 .comment       0x0000006e       0x6f .\CortexM3\ARM_GCC_541\Debug\can_master.a(cyPm.o)
 .comment       0x0000006e       0x6f .\CortexM3\ARM_GCC_541\Debug\can_master.a(LED.o)
 .comment       0x0000006e       0x6f .\CortexM3\ARM_GCC_541\Debug\can_master.a(CAN_1.o)
 .comment       0x0000006e       0x6f .\CortexM3\ARM_GCC_541\Debug\can_master.a(CAN_1_INT.o)
 .comment       0x0000006e       0x6f .\CortexM3\ARM_GCC_541\Debug\can_master.a(CAN_1_TX_RX_func.o)
 .comment       0x0000006e       0x6f .\CortexM3\ARM_GCC_541\Debug\can_master.a(UART_1.o)
 .comment       0x0000006e       0x6f .\CortexM3\ARM_GCC_541\Debug\can_master.a(UART_1_IntClock.o)
 .comment       0x0000006e       0x6f .\CortexM3\ARM_GCC_541\Debug\can_master.a(CyFlash.o)
 .comment       0x0000006e       0x6f .\CortexM3\ARM_GCC_541\Debug\can_master.a(CySpc.o)

.debug_weaknames
 *(.debug_weaknames)

.debug_funcnames
 *(.debug_funcnames)

.debug_typenames
 *(.debug_typenames)

.debug_varnames
 *(.debug_varnames)

.note.gnu.arm.ident
 *(.note.gnu.arm.ident)

.ARM.attributes
                0x00000000       0x29
 *(.ARM.attributes)
 .ARM.attributes
                0x00000000       0x1d c:/program files (x86)/cypress/psoc creator/4.2/psoc creator/import/gnu/arm/5.4.1/bin/../lib/gcc/arm-none-eabi/5.4.1/armv7-m/crti.o
 .ARM.attributes
                0x0000001d       0x2d c:/program files (x86)/cypress/psoc creator/4.2/psoc creator/import/gnu/arm/5.4.1/bin/../lib/gcc/arm-none-eabi/5.4.1/armv7-m/crtbegin.o
 .ARM.attributes
                0x0000004a       0x1b c:/program files (x86)/cypress/psoc creator/4.2/psoc creator/import/gnu/arm/5.4.1/bin/../lib/gcc/arm-none-eabi/5.4.1/../../../../arm-none-eabi/lib/armv7-m/crt0.o
 .ARM.attributes
                0x00000065       0x33 .\CortexM3\ARM_GCC_541\Debug\main.o
 .ARM.attributes
                0x00000098       0x33 .\CortexM3\ARM_GCC_541\Debug\cyfitter_cfg.o
 .ARM.attributes
                0x000000cb       0x33 .\CortexM3\ARM_GCC_541\Debug\cymetadata.o
 .ARM.attributes
                0x000000fe       0x33 .\CortexM3\ARM_GCC_541\Debug\Cm3Start.o
 .ARM.attributes
                0x00000131       0x33 .\CortexM3\ARM_GCC_541\Debug\can_master.a(CyLib.o)
 .ARM.attributes
                0x00000164       0x33 .\CortexM3\ARM_GCC_541\Debug\can_master.a(cyPm.o)
 .ARM.attributes
                0x00000197       0x33 .\CortexM3\ARM_GCC_541\Debug\can_master.a(LED.o)
 .ARM.attributes
                0x000001ca       0x33 .\CortexM3\ARM_GCC_541\Debug\can_master.a(CAN_1.o)
 .ARM.attributes
                0x000001fd       0x33 .\CortexM3\ARM_GCC_541\Debug\can_master.a(CAN_1_INT.o)
 .ARM.attributes
                0x00000230       0x33 .\CortexM3\ARM_GCC_541\Debug\can_master.a(CAN_1_TX_RX_func.o)
 .ARM.attributes
                0x00000263       0x33 .\CortexM3\ARM_GCC_541\Debug\can_master.a(UART_1.o)
 .ARM.attributes
                0x00000296       0x33 .\CortexM3\ARM_GCC_541\Debug\can_master.a(UART_1_IntClock.o)
 .ARM.attributes
                0x000002c9       0x21 .\CortexM3\ARM_GCC_541\Debug\can_master.a(CyBootAsmGnu.o)
 .ARM.attributes
                0x000002ea       0x33 .\CortexM3\ARM_GCC_541\Debug\can_master.a(CyFlash.o)
 .ARM.attributes
                0x0000031d       0x33 .\CortexM3\ARM_GCC_541\Debug\can_master.a(CySpc.o)
 .ARM.attributes
                0x00000350       0x2d c:/program files (x86)/cypress/psoc creator/4.2/psoc creator/import/gnu/arm/5.4.1/bin/../lib/gcc/arm-none-eabi/5.4.1/../../../../arm-none-eabi/lib/armv7-m\libg_nano.a(lib_a-errno.o)
 .ARM.attributes
                0x0000037d       0x2d c:/program files (x86)/cypress/psoc creator/4.2/psoc creator/import/gnu/arm/5.4.1/bin/../lib/gcc/arm-none-eabi/5.4.1/../../../../arm-none-eabi/lib/armv7-m\libg_nano.a(lib_a-exit.o)
 .ARM.attributes
                0x000003aa       0x2d c:/program files (x86)/cypress/psoc creator/4.2/psoc creator/import/gnu/arm/5.4.1/bin/../lib/gcc/arm-none-eabi/5.4.1/../../../../arm-none-eabi/lib/armv7-m\libg_nano.a(lib_a-impure.o)
 .ARM.attributes
                0x000003d7       0x2d c:/program files (x86)/cypress/psoc creator/4.2/psoc creator/import/gnu/arm/5.4.1/bin/../lib/gcc/arm-none-eabi/5.4.1/../../../../arm-none-eabi/lib/armv7-m\libg_nano.a(lib_a-init.o)
 .ARM.attributes
                0x00000404       0x2d c:/program files (x86)/cypress/psoc creator/4.2/psoc creator/import/gnu/arm/5.4.1/bin/../lib/gcc/arm-none-eabi/5.4.1/../../../../arm-none-eabi/lib/armv7-m\libg_nano.a(lib_a-memcpy-stub.o)
 .ARM.attributes
                0x00000431       0x2d c:/program files (x86)/cypress/psoc creator/4.2/psoc creator/import/gnu/arm/5.4.1/bin/../lib/gcc/arm-none-eabi/5.4.1/../../../../arm-none-eabi/lib/armv7-m\libg_nano.a(lib_a-memset.o)
 .ARM.attributes
                0x0000045e       0x2d c:/program files (x86)/cypress/psoc creator/4.2/psoc creator/import/gnu/arm/5.4.1/bin/../lib/gcc/arm-none-eabi/5.4.1/../../../../arm-none-eabi/lib/armv7-m\libg_nano.a(lib_a-sprintf.o)
 .ARM.attributes
                0x0000048b       0x2d c:/program files (x86)/cypress/psoc creator/4.2/psoc creator/import/gnu/arm/5.4.1/bin/../lib/gcc/arm-none-eabi/5.4.1/../../../../arm-none-eabi/lib/armv7-m\libg_nano.a(lib_a-nano-svfprintf.o)
 .ARM.attributes
                0x000004b8       0x2d c:/program files (x86)/cypress/psoc creator/4.2/psoc creator/import/gnu/arm/5.4.1/bin/../lib/gcc/arm-none-eabi/5.4.1/../../../../arm-none-eabi/lib/armv7-m\libg_nano.a(lib_a-nano-vfprintf_i.o)
 .ARM.attributes
                0x000004e5       0x2d c:/program files (x86)/cypress/psoc creator/4.2/psoc creator/import/gnu/arm/5.4.1/bin/../lib/gcc/arm-none-eabi/5.4.1/../../../../arm-none-eabi/lib/armv7-m\libg_nano.a(lib_a-memchr-stub.o)
 .ARM.attributes
                0x00000512       0x2d c:/program files (x86)/cypress/psoc creator/4.2/psoc creator/import/gnu/arm/5.4.1/bin/../lib/gcc/arm-none-eabi/5.4.1/../../../../arm-none-eabi/lib/armv7-m\libg_nano.a(lib_a-memmove.o)
 .ARM.attributes
                0x0000053f       0x2d c:/program files (x86)/cypress/psoc creator/4.2/psoc creator/import/gnu/arm/5.4.1/bin/../lib/gcc/arm-none-eabi/5.4.1/../../../../arm-none-eabi/lib/armv7-m\libg_nano.a(lib_a-nano-freer.o)
 .ARM.attributes
                0x0000056c       0x2d c:/program files (x86)/cypress/psoc creator/4.2/psoc creator/import/gnu/arm/5.4.1/bin/../lib/gcc/arm-none-eabi/5.4.1/../../../../arm-none-eabi/lib/armv7-m\libg_nano.a(lib_a-nano-mallocr.o)
 .ARM.attributes
                0x00000599       0x2d c:/program files (x86)/cypress/psoc creator/4.2/psoc creator/import/gnu/arm/5.4.1/bin/../lib/gcc/arm-none-eabi/5.4.1/../../../../arm-none-eabi/lib/armv7-m\libg_nano.a(lib_a-nano-reallocr.o)
 .ARM.attributes
                0x000005c6       0x2d c:/program files (x86)/cypress/psoc creator/4.2/psoc creator/import/gnu/arm/5.4.1/bin/../lib/gcc/arm-none-eabi/5.4.1/../../../../arm-none-eabi/lib/armv7-m\libg_nano.a(lib_a-sbrkr.o)
 .ARM.attributes
                0x000005f3       0x2d c:/program files (x86)/cypress/psoc creator/4.2/psoc creator/import/gnu/arm/5.4.1/bin/../lib/gcc/arm-none-eabi/5.4.1/../../../../arm-none-eabi/lib/armv7-m\libg_nano.a(lib_a-mlock.o)
 .ARM.attributes
                0x00000620       0x2d c:/program files (x86)/cypress/psoc creator/4.2/psoc creator/import/gnu/arm/5.4.1/bin/../lib/gcc/arm-none-eabi/5.4.1/../../../../arm-none-eabi/lib/armv7-m\libg_nano.a(lib_a-nano-msizer.o)
 .ARM.attributes
                0x0000064d       0x2d c:/program files (x86)/cypress/psoc creator/4.2/psoc creator/import/gnu/arm/5.4.1/bin/../lib/gcc/arm-none-eabi/5.4.1/../../../../arm-none-eabi/lib/armv7-m\libg_nano.a(lib_a-reent.o)
 .ARM.attributes
                0x0000067a       0x2d c:/program files (x86)/cypress/psoc creator/4.2/psoc creator/import/gnu/arm/5.4.1/bin/../lib/gcc/arm-none-eabi/5.4.1/armv7-m/crtend.o
 .ARM.attributes
                0x000006a7       0x1d c:/program files (x86)/cypress/psoc creator/4.2/psoc creator/import/gnu/arm/5.4.1/bin/../lib/gcc/arm-none-eabi/5.4.1/armv7-m/crtn.o

/DISCARD/
 *(.note.GNU-stack)
OUTPUT(C:\Users\KUT-PC\Documents\PSoC Creator\CAN_test\can_master.cydsn\CortexM3\ARM_GCC_541\Debug\can_master.elf elf32-littlearm)
